// Jest Snapshot v1, https://goo.gl/fbAQLP

exports[`renders correctly 1`] = `
<div>
  <div
    className=" slid p-5 container-fluid"
  >
    <h2
      className="text-center text-white p-3"
    >
      mypets.welcome
       Paw-five
    </h2>
    <div
      className="row"
    >
      <div
        className="col-7 d-flex justify-content-center col"
      >
        <div
          className="w-75 text-center input-group"
        >
          <input
            className="text-danger text-size left-raduis form-control"
            id="inlineFormInputGroupUsername"
            onChange={[Function]}
            placeholder="mypets.petname"
            value=""
          />
          <div
            className="input-group-prepend"
          >
            <span
              className="right-raduis input-group-text"
            >
              <svg
                aria-hidden="true"
                className="svg-inline--fa fa-search fa-w-16 text-size"
                data-icon="search"
                data-prefix="fas"
                focusable="false"
                role="img"
                style={Object {}}
                viewBox="0 0 512 512"
                xmlns="http://www.w3.org/2000/svg"
              >
                <path
                  d="M505 442.7L405.3 343c-4.5-4.5-10.6-7-17-7H372c27.6-35.3 44-79.7 44-128C416 93.1 322.9 0 208 0S0 93.1 0 208s93.1 208 208 208c48.3 0 92.7-16.4 128-44v16.3c0 6.4 2.5 12.5 7 17l99.7 99.7c9.4 9.4 24.6 9.4 33.9 0l28.3-28.3c9.4-9.4 9.4-24.6.1-34zM208 336c-70.7 0-128-57.2-128-128 0-70.7 57.2-128 128-128 70.7 0 128 57.2 128 128 0 70.7-57.2 128-128 128z"
                  fill="currentColor"
                  style={Object {}}
                />
              </svg>
               
            </span>
          </div>
        </div>
      </div>
      <div
        className="col-5  col"
      >
        <select
          className="mr-sm-2 text-size bg-select w-75 custom-select"
          id="inlineFormCustomSelect"
          onChange={[Function]}
          value="petName"
        >
          <option
            value="petName"
          >
            mypets.name
          </option>
          <option
            value="age"
          >
            mypets.age
          </option>
          <option
            value="city"
          >
            mypets.city
          </option>
        </select>
      </div>
    </div>
  </div>
  <div
    className="img3   container"
  >
    <div />
  </div>
  <div
    align="left"
    className="d-flex justify-content-center mt-4 container"
  >
    <ul
      className="paginationBttns"
    >
      <li
        className="previous paginationDisabled"
      >
        <a
          aria-disabled="true"
          aria-label="Previous page"
          className="previousBttn"
          onClick={[Function]}
          onKeyPress={[Function]}
          rel="prev"
          role="button"
          tabIndex="0"
        >
          &lt;
        </a>
      </li>
      <li
        className="next"
      >
        <a
          aria-disabled="false"
          aria-label="Next page"
          className="nextBttn"
          onClick={[Function]}
          onKeyPress={[Function]}
          rel="next"
          role="button"
          tabIndex="0"
        >
          &gt;
        </a>
      </li>
    </ul>
  </div>
</div>
`;
