// Jest Snapshot v1, https://goo.gl/fbAQLP

exports[`renders correctly 1`] = `
<div
  className="mt-5"
>
  <div
    className="container"
  >
    <div
      className="row"
    >
      <div
        className="d-flex rounded  col-lg-6 col-md-12 col-sm-12 col-12"
      >
        <div
          className=" contact-us theme-color  p-3 mb-5 container"
          id="demo3"
          style={
            Object {
              "borderRadius": "30px",
            }
          }
        >
          <div
            align="center"
            className="m-4 container"
          >
            <h3
              className="mb-0 text-light"
            >
              contactus.title
            </h3>
          </div>
          <div
            className="card-body  container"
          >
            <form
              action="#"
              onReset={[Function]}
              onSubmit={[Function]}
            >
              <div
                className="row "
              >
                <div
                  className="col-lg-6 col-md-6 d-flex flex-column justify-content-around "
                >
                  <input
                    autocomplete="off"
                    className=" border-0  bg-transparent text-light shadow-none  small p-2 rounded mb-4"
                    name="name"
                    onBlur={[Function]}
                    onChange={[Function]}
                    placeholder="contactus.name"
                    type="text"
                    value=""
                  />
                </div>
                <div
                  className="col-lg-6 col-md-6 d-flex flex-column justify-content-center  "
                >
                  <input
                    className="  border-0  bg-transparent text-light shadow-none small p-2 rounded mb-4 "
                    name="email"
                    onBlur={[Function]}
                    onChange={[Function]}
                    placeholder="contactus.email"
                    type="email"
                    value=""
                  />
                </div>
              </div>
              <div
                className="row"
              >
                <div
                  className="col-lg-6 col-md-6 d-flex flex-column justify-content-center "
                >
                  <input
                    className=" border-0 bg-transparent text-light shadow-none small p-2 rounded mb-4"
                    name="phone"
                    onBlur={[Function]}
                    onChange={[Function]}
                    placeholder="contactus.phone"
                    type="text"
                    value=""
                  />
                </div>
                <div
                  className="col-lg-6 col-md-6 d-flex flex-column justify-content-center"
                >
                  <input
                    className=" border-0  bg-transparent  text-light shadow-none rounded small p-2 mb-4"
                    name="subject"
                    onBlur={[Function]}
                    onChange={[Function]}
                    placeholder="contactus.subject"
                    type="text"
                    value=""
                  />
                </div>
              </div>
              <div
                className="row mb-4 "
              >
                <div
                  className="col-lg-12 d-flex justify-content-center"
                >
                  <textarea
                    className="w-100 h-100 text-light shadow-none border-0 small  bg-transparent"
                    id="message2"
                    name="message"
                    onBlur={[Function]}
                    onChange={[Function]}
                    placeholder="contactus.message"
                    required={true}
                    rows="6"
                    value=""
                  />
                </div>
              </div>
              <button
                align="center"
                className="btn w-25 submit-button border-0  shadow-none  btn mb-2 rounded  undefined btn btn-primary"
                disabled={true}
                type="submit"
              >
                contactus.submit
              </button>
            </form>
          </div>
        </div>
      </div>
      <div
        align="center"
        className="align-self-center gradient-text mt-5 col-lg-6 col-md-12 col-sm-12 col-12"
      >
        <h4>
          contactus.h4text
        </h4>
        <h1>
          contactus.h1text
        </h1>
        <h6>
          contactus.h6text
        </h6>
      </div>
    </div>
  </div>
  <div
    className="container-fluid"
  >
    <div
      className="h-50 mt-5 mb-5  row"
    >
      <iframe
        className=" w-100"
        height="450"
        loading="lazy"
        src="https://www.google.com/maps/embed?pb=!1m14!1m8!1m3!1d13336.605883119555!2d44.3770677!3d33.3148553!3m2!1i1024!2i768!4f13.1!3m3!1m2!1s0x0%3A0x927ea3c6fb5cd552!2sAl-Zawraa%20Park!5e0!3m2!1sen!2siq!4v1616624591055!5m2!1sen!2siq"
        title="map"
      />
    </div>
  </div>
</div>
`;
